FrameTimer
VideoStream
MockLink
MockLink::bpm_=0
MockSet
MockSet::tracks=[]
MockSet::load
MockLink::bpm_=20
MockTimeline
Error: could not open Serial Port:/dev/cu.usbserial-6A3MRKF6
spot1
spot2
Par38.221
Par38.226
Par38.11
Par38.16
Par38.31
Par38.96
Par38.91
Par38.86
Par38.46
Par38.71
Par64.121
Par64.126
Par64.131
Par64.136
Par64.116
Par64.111
Par64.101
Par64.139
Par64.142
VideoArchive
VideoArchive::append(/Users/admin/Dropbox/Software Engineer/C0002-empty.mp4)
VideoArchive::append(/Users/admin/Dropbox/Software Engineer/C0003-se1.mov)
VideoArchive::append(/Users/admin/Dropbox/Software Engineer/C0004-se2.mp4)
VideoArchive::append(/Users/admin/Dropbox/Software Engineer/C0005-sandals.mp4)
VideoArchive::append(/Users/admin/Dropbox/Software Engineer/C0006-tracksuit.mp4)
VideoArchive::append(/Users/admin/Dropbox/Software Engineer/C0007-underwear.mp4)
MockLink::bpm_=20
MockSet::get_track(Master)
MockSet::get_track(Master)::get_device(Auto Filter)
MockSet::get_track(Master)::get_device(Auto Filter)::get_parameter_by_name(Frequency)
MockSet::get_track(Master)::get_device(Auto Filter)::get_parameter_by_name(Frequency)::value=135
MockSet::play
MockLink::play
MockSet::wait_for_next_beat
MockSet::get_track(bootup)
MockSet::get_track(bootup)::play_clip{'name': 'mac'}
MockSet::get_track(furnace hum)
MockSet::get_track(furnace hum)::volume=0.66
MockSet::get_track(furnace hum)
MockSet::get_track(furnace hum)::play_clip{'name': 'furnace hum'}
Par64.142::values
Par64.142::fractional(0.75)
VideoArchive::play
Par38.226::values
Par38.226::fractional(0.75)
Par64.136::values
Par64.136::fractional(0.75)
Par38.31::values
Par38.31::fractional(0.75)
Par64.126::values
Par64.126::fractional(0.75)
Par38.16::values
Par38.16::fractional(0.75)
Par64.111::values
Par64.111::fractional(0.75)
Par38.71::values
Par38.71::fractional(0.75)
Par38.221::values
Par38.221::fractional(0.75)
Par38.86::values
Par38.86::fractional(0.75)
Par38.11::values
Par38.11::fractional(0.75)
Par38.71::set(Par38.71::values)
Par38.31::set(Par38.31::values)
Par64.142::set(Par64.142::values)
Par38.11::set(Par38.11::values)
Par38.16::set(Par38.16::values)
Par38.226::set(Par38.226::values)
Par38.86::set(Par38.86::values)
Par64.111::set(Par64.111::values)
Par38.221::set(Par38.221::values)
Par38.16::values
Par38.16::fractional(0.75)
Par38.16::set(Par38.16::values)
Par64.126::set(Par64.126::values)
Par64.136::set(Par64.136::values)
Par64.142::values
Par64.142::fractional(0.75)
Par64.142::set(Par64.142::values)
Par38.71::values
Par38.71::fractional(0.75)
Par38.71::set(Par38.71::values)
Par64.136::values
Par64.136::fractional(0.75)
Par64.136::set(Par64.136::values)
Par38.11::values
Par38.11::fractional(0.75)
Par38.11::set(Par38.11::values)
Par38.226::values
Par38.226::fractional(0.75)
Par38.226::set(Par38.226::values)
Par38.31::values
Par38.31::fractional(0.75)
Par38.31::set(Par38.31::values)
Par38.86::values
Par38.86::fractional(0.75)
Par38.86::set(Par38.86::values)
Par64.126::values
Par64.126::fractional(0.75)
Par64.126::set(Par64.126::values)
Par64.111::values
Par64.111::fractional(0.75)
Par64.111::set(Par64.111::values)
Par38.221::values
Par38.221::fractional(0.75)
Par38.221::set(Par38.221::values)
Par38.16::values
Par38.16::fractional(0.75)
Par38.16::set(Par38.16::values)
Par38.31::values
Par38.31::fractional(0.75)
Par38.31::set(Par38.31::values)
Par38.71::values
Par38.71::fractional(0.75)
Par38.71::set(Par38.71::values)
Par38.226::values
Par38.226::fractional(0.75)
Par38.226::set(Par38.226::values)
Par38.221::values
Par38.221::fractional(0.75)
Par38.221::set(Par38.221::values)
Par64.136::values
Par64.136::fractional(0.75)
Par64.136::set(Par64.136::values)
Par38.11::values
Par38.11::fractional(0.75)
Par38.11::set(Par38.11::values)
Par64.126::values
Par64.126::fractional(0.75)
Par64.126::set(Par64.126::values)
Par38.86::values
Par38.86::fractional(0.75)
Par38.86::set(Par38.86::values)
Par38.16::values
Par38.16::fractional(0.75)
Par38.16::set(Par38.16::values)
Par38.226::values
Par38.226::fractional(0.75)
Par38.226::set(Par38.226::values)
Par38.31::values
Par38.31::fractional(0.75)
Par38.31::set(Par38.31::values)
Par38.86::values
Par38.86::fractional(0.75)
Par38.86::set(Par38.86::values)
Par38.221::values
Par38.221::fractional(0.75)
Par38.221::set(Par38.221::values)
Par64.126::values
Par64.126::fractional(0.75)
Par64.126::set(Par64.126::values)
Par38.16::values
Par38.16::fractional(0.75)
Par38.16::set(Par38.16::values)
Par38.86::values
Par38.86::fractional(0.75)
Par38.86::set(Par38.86::values)
Par38.226::values
Par38.226::fractional(0.75)
Par38.226::set(Par38.226::values)
Par38.16::values
Par38.16::fractional(0.75)
Par38.16::set(Par38.16::values)
Par38.226::values
Par38.226::fractional(0.75)
Par38.226::set(Par38.226::values)
Par38.86::values
Par38.86::fractional(0.75)
Par38.86::set(Par38.86::values)
Par38.16::values
Par38.16::fractional(0.75)
Par38.16::set(Par38.16::values)
Par38.86::values
Par38.86::fractional(0.75)
Par38.86::set(Par38.86::values)
Par38.226::values
Par38.226::fractional(0.75)
Par38.226::set(Par38.226::values)
Par38.16::values
Par38.16::fractional(0.75)
Par38.16::set(Par38.16::values)
Par38.86::values
Par38.86::fractional(0.75)
Par38.86::set(Par38.86::values)
Par38.226::values
Par38.226::fractional(0.75)
Par38.226::set(Par38.226::values)
Par38.16::values
Par38.16::fractional(0.75)
Par38.16::set(Par38.16::values)
Par38.226::values
Par38.226::fractional(0.75)
Par38.226::set(Par38.226::values)
Par38.86::values
Par38.86::fractional(0.75)
Par38.86::set(Par38.86::values)
Par38.16::values
Par38.16::fractional(0.75)
Par38.16::set(Par38.16::values)
Par38.226::values
Par38.226::fractional(0.75)
Par38.226::set(Par38.226::values)
Par38.86::values
Par38.86::fractional(0.75)
Par38.86::set(Par38.86::values)
Par38.16::values
Par38.16::fractional(0.75)
Par38.16::set(Par38.16::values)
Par38.226::values
Par38.226::fractional(0.75)
Par38.226::set(Par38.226::values)
Par38.86::values
Par38.86::fractional(0.75)
Par38.86::set(Par38.86::values)
Par38.16::values
Par38.16::fractional(0.75)
Par38.16::set(Par38.16::values)
Par38.226::values
Par38.226::fractional(0.75)
Par38.226::set(Par38.226::values)
Par38.86::values
Par38.86::fractional(0.75)
Par38.86::set(Par38.86::values)
Par38.16::values
Par38.16::fractional(0.75)
Par38.16::set(Par38.16::values)
Par38.86::values
Par38.86::fractional(0.75)
Par38.86::set(Par38.86::values)
Par38.16::values
Par38.16::fractional(0.75)
Par38.16::set(Par38.16::values)
Par38.86::values
Par38.86::fractional(0.75)
Par38.86::set(Par38.86::values)
Par38.16::values
Par38.16::fractional(0.75)
Par38.16::set(Par38.16::values)
Par38.86::values
Par38.86::fractional(0.75)
Par38.86::set(Par38.86::values)
Par38.16::values
Par38.16::fractional(0.75)
Par38.16::set(Par38.16::values)
Par38.16::values
Par38.16::fractional(0.75)
Par38.16::set(Par38.16::values)
VideoArchive::next
spot1::dimmer=0
spot1::red=0
spot1::green=0
spot1::blue=0
spot1::amber=0
spot1::dimmer=255
spot1::red=255
spot1::green=255
spot1::blue=255
spot1::amber=255
spot2::dimmer=0
spot2::red=0
spot2::green=0
spot2::blue=0
spot2::amber=0
spot2::dimmer=255
spot2::red=255
spot2::green=255
spot2::blue=255
spot2::amber=255
MockSet::get_track(bootup)
MockSet::get_track(bootup)::volume=0.88
MockSet::get_track(bootup)
MockSet::get_track(bootup)::play_clip{'name': 'mac'}
flickering 12.0
setCameraState(CameraState.LIVE)
VideoStream::setDelaySeconds(12.0)
VideoStream::start
VideoStream::getMaxFps
VideoStream::getHead
MockSet::get_track(bootup)
MockSet::get_track(bootup)::volume=0.66
MockSet::get_track(bootup)
MockSet::get_track(bootup)::play_clip{'name': 'mac'}
flickering 12.0
setCameraState(CameraState.LIVE)
VideoStream::setDelaySeconds(12.0)
VideoStream::start
VideoStream::getMaxFps
VideoStream::getHead
MockSet::get_track(bootup)
MockSet::get_track(bootup)::volume=0.495
MockSet::get_track(bootup)
MockSet::get_track(bootup)::play_clip{'name': 'mac'}
flickering 12.0
setCameraState(CameraState.LIVE)
VideoStream::setDelaySeconds(12.0)
VideoStream::start
VideoStream::getMaxFps
VideoStream::getHead
MockSet::get_track(bootup)
MockSet::get_track(bootup)::volume=0.37124999999999997
MockSet::get_track(bootup)
MockSet::get_track(bootup)::play_clip{'name': 'mac'}
flickering 12.0
setCameraState(CameraState.LIVE)
VideoStream::setDelaySeconds(12.0)
VideoStream::start
VideoStream::getMaxFps
VideoStream::getHead
MockSet::get_track(bootup)
MockSet::get_track(bootup)::volume=0.2784375
MockSet::get_track(bootup)
MockSet::get_track(bootup)::play_clip{'name': 'mac'}
flickering 12.0
setCameraState(CameraState.LIVE)
VideoStream::setDelaySeconds(12.0)
VideoStream::start
VideoStream::getMaxFps
VideoStream::getHead
setCameraState(CameraState.RECORDING)
MockSet::get_track(Modular UI)
MockSet::get_track(Modular UI)::play_clip{'name': 'Modular UI'}
MockSet::get_track(sin)
MockSet::get_track(sin)::play_clip{'name': 'sin'}
MockSet::get_track(muffle)
MockSet::get_track(muffle)::play_clip{'name': 'muffle'}
MockSet::get_track(moody piano)
MockSet::get_track(moody piano)::play_clip{'name': '1'}
MockSet::get_track(guitar)
MockSet::get_track(guitar)::play_clip{'name': '1'}
MockSet::get_track(dreams tonite)
MockSet::get_track(dreams tonite)::play_clip{'name': 'tech bro 1'}
VideoArchive::getFrame
spot1::values
spot1::fractional(0.75)
VideoArchive::getFrame
spot1::set(spot1::values)
VideoArchive::getFrame
spot1::values
spot1::fractional(0.75)
VideoArchive::getFrame
spot1::set(spot1::values)
VideoArchive::getFrame
MockSet::get_track(Master)
MockSet::get_track(Master)::get_device(Auto Filter)
MockSet::get_track(Master)::get_device(Auto Filter)::get_parameter_by_name(Frequency)
MockSet::get_track(Master)::get_device(Auto Filter)::get_parameter_by_name(Frequency)::value=135
MockSet::get_track(Master)
MockSet::get_track(Master)::get_device(Auto Filter)
MockSet::get_track(Master)::get_device(Auto Filter)::get_parameter_by_name(Frequency)
MockSet::get_track(Master)::get_device(Auto Filter)::get_parameter_by_name(Frequency)::value=67.5
spot1::dimmer=255
spot1::red=255
spot1::green=255
spot1::blue=255
spot1::amber=255
spot1::dimmer=0
spot1::red=0
spot1::green=0
spot1::blue=0
spot1::amber=0
spot2::dimmer=255
spot2::red=255
spot2::green=255
spot2::blue=255
spot2::amber=255
spot2::dimmer=0
spot2::red=0
spot2::green=0
spot2::blue=0
spot2::amber=0
VideoArchive::getFrame
flickering 4
setCameraState(CameraState.LIVE)
VideoStream::setDelaySeconds(4)
VideoStream::start
VideoStream::getMaxFps
VideoStream::getHead
spot1::values
spot1::fractional(0.75)
spot1::set(spot1::values)
spot2::values
spot2::fractional(0.75)
spot2::set(spot2::values)
spot1::dimmer=0
spot1::red=0
spot1::green=0
spot1::blue=0
spot1::amber=0
spot1::dimmer=255
spot1::red=255
spot1::green=255
spot1::blue=255
spot1::amber=255
spot2::dimmer=0
spot2::red=0
spot2::green=0
spot2::blue=0
spot2::amber=0
spot2::dimmer=255
spot2::red=255
spot2::green=255
spot2::blue=255
spot2::amber=255
MockSet::get_track(Master)
MockSet::get_track(Master)::get_device(Auto Filter)
MockSet::get_track(Master)::get_device(Auto Filter)::get_parameter_by_name(Frequency)
MockSet::get_track(Master)::get_device(Auto Filter)::get_parameter_by_name(Frequency)::value=67.5
MockSet::get_track(Master)
MockSet::get_track(Master)::get_device(Auto Filter)
MockSet::get_track(Master)::get_device(Auto Filter)::get_parameter_by_name(Frequency)
MockSet::get_track(Master)::get_device(Auto Filter)::get_parameter_by_name(Frequency)::value=135
VideoArchive::getFrame
spot1::values
spot1::fractional(0.75)
VideoArchive::getFrame
spot1::set(spot1::values)
VideoArchive::getFrame
spot1::values
spot1::fractional(0.75)
VideoArchive::getFrame
spot1::set(spot1::values)
VideoArchive::getFrame
MockSet::get_track(sin)
MockSet::get_track(sin)::volume=0.44
MockSet::get_track(guitar)
MockSet::get_track(guitar)::volume=0.44
MockSet::get_track(hihats L)
MockSet::get_track(hihats L)::play_clip{'name': 'hihats L'}
MockSet::get_track(hihats R)
MockSet::get_track(hihats R)::play_clip{'name': 'hihats R'}
MockSet::get_track(test)
MockSet::get_track(test)::volume=0.44
MockSet::get_track(test)::play_clip{'name': 'tone'}
MockSet::get_track(test)::volume=0.44
MockSet::get_track(test)::volume=0.88
VideoArchive::getFrame
MockLink::bpm_=40
VideoArchive::getFrame
Restarting frameTimer to 1500 milliseconds
MockSet::get_track(808)
MockSet::get_track(808)::play_clip{'name': '808'}
VideoArchive::getFrame
MockLink::bpm_=40
VideoArchive::getFrame
Restarting frameTimer to 1500 milliseconds
MockLink::bpm_=80
VideoArchive::getFrame
Restarting frameTimer to 750 milliseconds
MockLink::bpm_=120
VideoArchive::getFrame
Restarting frameTimer to 500 milliseconds
MockLink::bpm_=240
VideoArchive::getFrame
Restarting frameTimer to 250 milliseconds
MockLink::bpm_=240
VideoArchive::getFrame
Restarting frameTimer to 250 milliseconds
MockLink::bpm_=240
VideoArchive::getFrame
Restarting frameTimer to 250 milliseconds
MockSet::get_track(windows)
MockSet::get_track(windows)::play_clip{'name': 'error'}
VideoArchive::getFrame
MockSet::get_track(windows)
MockSet::get_track(windows)::play_clip{'name': 'error'}
VideoArchive::getFrame
MockSet::get_track(Master)
MockSet::get_track(Master)::get_device(Auto Filter)
MockSet::get_track(Master)::get_device(Auto Filter)::get_parameter_by_name(Frequency)
MockSet::get_track(Master)::get_device(Auto Filter)::get_parameter_by_name(Frequency)::value=20
setCameraState(CameraState.NOTHING)
MockSet::get_track(Master)
MockSet::get_track(Master)::get_device(Auto Filter)
MockSet::get_track(Master)::get_device(Auto Filter)::get_parameter_by_name(Frequency)
MockSet::get_track(Master)::get_device(Auto Filter)::get_parameter_by_name(Frequency)::value=135
VideoArchive::getFrame
MockLink::bpm_=40
VideoArchive::getFrame
Restarting frameTimer to 1500 milliseconds
MockSet::get_track(restart from crash)
MockSet::get_track(restart from crash)::play_clip{'name': 'restart from crash'}
VideoArchive::getFrame
setCameraState(CameraState.RECORDING)
VideoArchive::getFrame
setCameraState(CameraState.RECORDING)
VideoArchive::getFrame
setCameraState(CameraState.RECORDING)
VideoArchive::getFrame
spot1::values
spot1::fractional(0.75)
VideoArchive::getFrame
spot1::set(spot1::values)
VideoArchive::getFrame
spot1::values
spot1::fractional(0.75)
VideoArchive::getFrame
spot1::set(spot1::values)
VideoArchive::getFrame
spot1::values
spot1::fractional(0.75)
VideoArchive::getFrame
spot1::set(spot1::values)
VideoArchive::getFrame
spot1::values
spot1::fractional(0.75)
VideoArchive::getFrame
spot1::set(spot1::values)
VideoArchive::getFrame
setCameraState(CameraState.RECORDING)
MockSet::get_track(sin)
MockSet::get_track(sin)::volume=0.44
MockSet::get_track(guitar)
MockSet::get_track(guitar)::volume=0.44
MockLink::bpm_=20
MockSet::get_track(Spacefolder Bounced)
MockSet::get_track(Spacefolder Bounced)::volume=0.44
MockSet::get_track(Spacefolder Bounced)::play_clip{'name': '1'}
MockSet::get_track(Spacefolder Bounced)::volume=0.44
MockSet::get_track(Spacefolder Bounced)::volume=0.88
MockSet::get_track(Wavetable Bounced)
MockSet::get_track(Wavetable Bounced)::volume=0.7040000000000001
MockSet::get_track(Wavetable Bounced)
MockSet::get_track(Wavetable Bounced)::play_clip{'name': 'Wavetable Bounced'}
MockSet::get_track(Office Space Printer)
MockSet::get_track(Office Space Printer)::play_clip{'name': 'Office Space Printer'}
MockSet::get_track(dreams tonite)
MockSet::get_track(dreams tonite)::play_clip{'name': 'tech bro 2'}
MockSet::get_track(slack)
MockSet::get_track(slack)::play_clip{'name': '1'}
MockSet::get_track(slack)
MockSet::get_track(slack)::play_clip{'name': '1'}
VideoArchive::getFrame
MockSet::get_track(Master)
MockSet::get_track(Master)::get_device(Auto Filter)
MockSet::get_track(Master)::get_device(Auto Filter)::get_parameter_by_name(Frequency)
MockSet::get_track(Master)::get_device(Auto Filter)::get_parameter_by_name(Frequency)::value=135
MockSet::get_track(Master)
MockSet::get_track(Master)::get_device(Auto Filter)
MockSet::get_track(Master)::get_device(Auto Filter)::get_parameter_by_name(Frequency)
MockSet::get_track(Master)::get_device(Auto Filter)::get_parameter_by_name(Frequency)::value=67.5
spot1::dimmer=255
spot1::red=255
spot1::green=255
spot1::blue=255
spot1::amber=255
spot1::dimmer=0
spot1::red=0
spot1::green=0
spot1::blue=0
spot1::amber=0
spot2::dimmer=255
spot2::red=255
spot2::green=255
spot2::blue=255
spot2::amber=255
spot2::dimmer=0
spot2::red=0
spot2::green=0
spot2::blue=0
spot2::amber=0
VideoArchive::getFrame
flickering 4
setCameraState(CameraState.LIVE)
VideoStream::setDelaySeconds(4)
VideoStream::start
VideoStream::getMaxFps
VideoStream::getHead
spot1::values
spot1::fractional(0.75)
spot1::set(spot1::values)
spot2::values
spot2::fractional(0.75)
spot2::set(spot2::values)
MockSet::get_track(Master)
MockSet::get_track(Master)::get_device(Auto Filter)
MockSet::get_track(Master)::get_device(Auto Filter)::get_parameter_by_name(Frequency)
MockSet::get_track(Master)::get_device(Auto Filter)::get_parameter_by_name(Frequency)::value=67.5
MockSet::get_track(Master)
MockSet::get_track(Master)::get_device(Auto Filter)
MockSet::get_track(Master)::get_device(Auto Filter)::get_parameter_by_name(Frequency)
MockSet::get_track(Master)::get_device(Auto Filter)::get_parameter_by_name(Frequency)::value=135
spot1::dimmer=0
spot1::red=0
spot1::green=0
spot1::blue=0
spot1::amber=0
spot1::dimmer=255
spot1::red=255
spot1::green=255
spot1::blue=255
spot1::amber=255
spot2::dimmer=0
spot2::red=0
spot2::green=0
spot2::blue=0
spot2::amber=0
spot2::dimmer=255
spot2::red=255
spot2::green=255
spot2::blue=255
spot2::amber=255
VideoArchive::getFrame
MockSet::get_track(slack)
MockSet::get_track(slack)::play_clip{'name': '2'}
VideoArchive::getFrame
MockSet::get_track(Wavetable Bounced)
MockSet::get_track(Wavetable Bounced)::play_clip{'name': 'Wavetable Bounced'}
VideoArchive::getFrame
flickering 4
setCameraState(CameraState.LIVE)
VideoStream::setDelaySeconds(4)
VideoStream::start
VideoStream::getMaxFps
VideoStream::getHead
VideoArchive::getFrame
MockSet::get_track(slack)
MockSet::get_track(slack)::play_clip{'name': '3'}
VideoArchive::getFrame
spot1::values
spot1::fractional(0.75)
VideoArchive::getFrame
spot1::set(spot1::values)
VideoArchive::getFrame
spot1::values
spot1::fractional(0.75)
VideoArchive::getFrame
spot1::set(spot1::values)
VideoArchive::getFrame
MockSet::get_track(grand piano)
MockSet::get_track(grand piano)::play_clip{'name': '5'}
VideoArchive::getFrame
spot1::values
spot1::fractional(0.75)
VideoArchive::getFrame
spot1::set(spot1::values)
VideoArchive::getFrame
spot1::values
spot1::fractional(0.75)
VideoArchive::getFrame
spot1::set(spot1::values)
VideoArchive::getFrame
MockSet::get_group(=Office Space Printer)
MockSet::get_group(=Office Space Printer)::volume=0.88
MockSet::get_group(=Office Space Printer)::volume=0.396
MockSet::get_group(=Copywold)
MockSet::get_group(=Copywold)::volume=0.88
MockSet::get_group(=Copywold)::volume=0.396
MockSet::get_group(=Ambient Foley)
MockSet::get_group(=Ambient Foley)::volume=0.88
MockSet::get_group(=Ambient Foley)::volume=0.396
MockSet::get_group(=Beats)
MockSet::get_group(=Beats)::volume=0.88
MockSet::get_group(=Beats)::volume=0.396
MockSet::get_group(=Office Space Printer)
MockSet::get_group(=Copywold)
MockSet::get_group(=Ambient Foley)
MockSet::get_group(=Beats)
VideoArchive::getFrame
MockSet::get_group(=Office Space Printer)::volume=0.396
MockSet::get_group(=Office Space Printer)::volume=0
VideoArchive::getFrame
MockSet::get_group(=Copywold)::volume=0.396
MockSet::get_group(=Copywold)::volume=0
VideoArchive::getFrame
MockSet::get_group(=Ambient Foley)::volume=0.396
MockSet::get_group(=Ambient Foley)::volume=0
VideoArchive::getFrame
MockSet::get_group(=Beats)::volume=0.396
MockSet::get_group(=Beats)::volume=0
VideoArchive::getFrame
spot1::dimmer=255
spot1::red=255
spot1::green=255
spot1::blue=255
spot1::amber=255
spot1::dimmer=0
spot1::red=0
spot1::green=0
spot1::blue=0
spot1::amber=0
VideoArchive::getFrame
spot2::dimmer=255
spot2::red=255
spot2::green=255
spot2::blue=255
spot2::amber=255
spot2::dimmer=0
spot2::red=0
spot2::green=0
spot2::blue=0
spot2::amber=0
VideoArchive::getFrame
MockSet::get_track(Master)
MockSet::get_track(Master)::get_device(Auto Filter)
MockSet::get_track(Master)::get_device(Auto Filter)::get_parameter_by_name(Frequency)
MockSet::get_track(Master)::get_device(Auto Filter)::get_parameter_by_name(Frequency)::value=20
setCameraState(CameraState.NOTHING)
MockSet::get_track(Master)
MockSet::get_track(Master)::get_device(Auto Filter)
MockSet::get_track(Master)::get_device(Auto Filter)::get_parameter_by_name(Frequency)
MockSet::get_track(Master)::get_device(Auto Filter)::get_parameter_by_name(Frequency)::value=135
MockSet::get_track(Master)
MockSet::get_track(Master)::get_device(Auto Filter)
MockSet::get_track(Master)::get_device(Auto Filter)::get_parameter_by_name(Frequency)
MockSet::get_track(Master)::get_device(Auto Filter)::get_parameter_by_name(Frequency)::value=20
performance complete!
VideoArchive::stop
MockSet::stop
MockLink::stop
MockTimeline::stop
MockSet::stop
