QLabel
cv2
FrameTimer
cv2::VideoCapture(0)
VideoBuffer
VideoBuffer::start
VideoHeader
MockLink
MockLink::bpm_=0
MockSet
MockSet::tracks=[]
MockSet::load
MockLink::bpm_=20
MockTimeline
DmxLightboard
DmxLightboard::setChannel(4,0)
DmxLightboard::setChannel(5,0)
DmxLightboard::setChannel(6,0)
DmxLightboard::setChannel(7,0)
DmxLightboard::setChannel(8,0)
DmxLightboard::setChannel(61,0)
DmxLightboard::setChannel(62,0)
DmxLightboard::setChannel(63,0)
DmxLightboard::setChannel(64,0)
DmxLightboard::setChannel(65,0)
DmxLightboard::setChannel(221,0)
DmxLightboard::setChannel(222,0)
DmxLightboard::setChannel(222,0)
DmxLightboard::setChannel(226,0)
DmxLightboard::setChannel(227,0)
DmxLightboard::setChannel(227,0)
DmxLightboard::setChannel(11,0)
DmxLightboard::setChannel(12,0)
DmxLightboard::setChannel(12,0)
DmxLightboard::setChannel(16,0)
DmxLightboard::setChannel(17,0)
DmxLightboard::setChannel(17,0)
DmxLightboard::setChannel(31,0)
DmxLightboard::setChannel(32,0)
DmxLightboard::setChannel(32,0)
DmxLightboard::setChannel(96,0)
DmxLightboard::setChannel(97,0)
DmxLightboard::setChannel(97,0)
DmxLightboard::setChannel(91,0)
DmxLightboard::setChannel(92,0)
DmxLightboard::setChannel(92,0)
DmxLightboard::setChannel(86,0)
DmxLightboard::setChannel(87,0)
DmxLightboard::setChannel(87,0)
DmxLightboard::setChannel(46,0)
DmxLightboard::setChannel(47,0)
DmxLightboard::setChannel(47,0)
DmxLightboard::setChannel(71,0)
DmxLightboard::setChannel(72,0)
DmxLightboard::setChannel(72,0)
DmxLightboard::setChannel(121,0)
DmxLightboard::setChannel(122,0)
DmxLightboard::setChannel(122,0)
DmxLightboard::setChannel(126,0)
DmxLightboard::setChannel(127,0)
DmxLightboard::setChannel(127,0)
DmxLightboard::setChannel(131,0)
DmxLightboard::setChannel(132,0)
DmxLightboard::setChannel(132,0)
DmxLightboard::setChannel(136,0)
DmxLightboard::setChannel(137,0)
DmxLightboard::setChannel(137,0)
DmxLightboard::setChannel(116,0)
DmxLightboard::setChannel(117,0)
DmxLightboard::setChannel(117,0)
DmxLightboard::setChannel(111,0)
DmxLightboard::setChannel(112,0)
DmxLightboard::setChannel(112,0)
DmxLightboard::setChannel(101,0)
DmxLightboard::setChannel(102,0)
DmxLightboard::setChannel(102,0)
DmxLightboard::setChannel(139,0)
DmxLightboard::setChannel(140,0)
DmxLightboard::setChannel(140,0)
DmxLightboard::setChannel(142,0)
DmxLightboard::setChannel(143,0)
DmxLightboard::setChannel(143,0)
VideoArchive
VideoArchive::append(/Users/admin/Dropbox/Software Engineer/C0002-empty.mp4)
VideoArchive::append(/Users/admin/Dropbox/Software Engineer/C0003-se1.mov)
VideoArchive::append(/Users/admin/Dropbox/Software Engineer/C0004-se2.mp4)
VideoArchive::append(/Users/admin/Dropbox/Software Engineer/C0005-sandals.mp4)
VideoArchive::append(/Users/admin/Dropbox/Software Engineer/C0006-tracksuit.mp4)
VideoArchive::append(/Users/admin/Dropbox/Software Engineer/C0007-underwear.mp4)
QLabel::setFixedSize(PyQt5.QtCore.QSize(200, 112))
QLabel::setFixedSize(PyQt5.QtCore.QSize(1680, 945))
MockLink::bpm_=20
DmxLightboard::blackout
MockSet::get_track(Master)
MockSet::get_track(Master)::get_device(Auto Filter)
MockSet::get_track(Master)::get_device(Auto Filter)::get_parameter_by_name(Frequency)
MockSet::get_track(Master)::get_device(Auto Filter)::get_parameter_by_name(Frequency)::value=135
MockSet::play
MockLink::play
MockSet::wait_for_next_beat
MockSet::get_track(bootup)
MockSet::get_track(bootup)::play_clip
VideoArchive::play
MockSet::get_track(furnace hum)
MockSet::get_track(furnace hum)::volume=0.66
MockSet::get_track(furnace hum)
MockSet::get_track(furnace hum)::play_clip
DmxLightboard::setChannel(142,191)
DmxLightboard::setChannel(143,191)
DmxLightboard::setChannel(143,191)
DmxLightboard::setChannel(226,191)
DmxLightboard::setChannel(227,191)
DmxLightboard::setChannel(227,191)
DmxLightboard::setChannel(136,191)
DmxLightboard::setChannel(137,191)
DmxLightboard::setChannel(137,191)
DmxLightboard::setChannel(31,191)
DmxLightboard::setChannel(32,191)
DmxLightboard::setChannel(32,191)
DmxLightboard::setChannel(126,191)
DmxLightboard::setChannel(127,191)
DmxLightboard::setChannel(127,191)
DmxLightboard::setChannel(16,191)
DmxLightboard::setChannel(17,191)
DmxLightboard::setChannel(17,191)
DmxLightboard::setChannel(111,191)
DmxLightboard::setChannel(112,191)
DmxLightboard::setChannel(112,191)
DmxLightboard::setChannel(71,191)
DmxLightboard::setChannel(72,191)
DmxLightboard::setChannel(72,191)
DmxLightboard::setChannel(221,191)
DmxLightboard::setChannel(222,191)
DmxLightboard::setChannel(222,191)
DmxLightboard::setChannel(86,191)
DmxLightboard::setChannel(87,191)
DmxLightboard::setChannel(87,191)
DmxLightboard::setChannel(11,191)
DmxLightboard::setChannel(12,191)
DmxLightboard::setChannel(12,191)
DmxLightboard::setChannel(71,0)
DmxLightboard::setChannel(72,0)
DmxLightboard::setChannel(72,0)
DmxLightboard::setChannel(31,0)
DmxLightboard::setChannel(32,0)
DmxLightboard::setChannel(32,0)
DmxLightboard::setChannel(142,0)
DmxLightboard::setChannel(143,0)
DmxLightboard::setChannel(143,0)
DmxLightboard::setChannel(11,0)
DmxLightboard::setChannel(12,0)
DmxLightboard::setChannel(12,0)
DmxLightboard::setChannel(16,0)
DmxLightboard::setChannel(17,0)
DmxLightboard::setChannel(17,0)
DmxLightboard::setChannel(226,0)
DmxLightboard::setChannel(227,0)
DmxLightboard::setChannel(227,0)
DmxLightboard::setChannel(86,0)
DmxLightboard::setChannel(87,0)
DmxLightboard::setChannel(87,0)
DmxLightboard::setChannel(111,0)
DmxLightboard::setChannel(112,0)
DmxLightboard::setChannel(112,0)
DmxLightboard::setChannel(221,0)
DmxLightboard::setChannel(222,0)
DmxLightboard::setChannel(222,0)
DmxLightboard::setChannel(16,191)
DmxLightboard::setChannel(17,191)
DmxLightboard::setChannel(17,191)
DmxLightboard::setChannel(16,0)
DmxLightboard::setChannel(17,0)
DmxLightboard::setChannel(17,0)
DmxLightboard::setChannel(126,0)
DmxLightboard::setChannel(127,0)
DmxLightboard::setChannel(127,0)
DmxLightboard::setChannel(136,0)
DmxLightboard::setChannel(137,0)
DmxLightboard::setChannel(137,0)
DmxLightboard::setChannel(142,191)
DmxLightboard::setChannel(143,191)
DmxLightboard::setChannel(143,191)
DmxLightboard::setChannel(142,0)
DmxLightboard::setChannel(143,0)
DmxLightboard::setChannel(143,0)
DmxLightboard::setChannel(71,191)
DmxLightboard::setChannel(72,191)
DmxLightboard::setChannel(72,191)
DmxLightboard::setChannel(71,0)
DmxLightboard::setChannel(72,0)
DmxLightboard::setChannel(72,0)
DmxLightboard::setChannel(136,191)
DmxLightboard::setChannel(137,191)
DmxLightboard::setChannel(137,191)
DmxLightboard::setChannel(136,0)
DmxLightboard::setChannel(137,0)
DmxLightboard::setChannel(137,0)
DmxLightboard::setChannel(11,191)
DmxLightboard::setChannel(12,191)
DmxLightboard::setChannel(12,191)
DmxLightboard::setChannel(11,0)
DmxLightboard::setChannel(12,0)
DmxLightboard::setChannel(12,0)
DmxLightboard::setChannel(226,191)
DmxLightboard::setChannel(227,191)
DmxLightboard::setChannel(227,191)
DmxLightboard::setChannel(226,0)
DmxLightboard::setChannel(227,0)
DmxLightboard::setChannel(227,0)
DmxLightboard::setChannel(31,191)
DmxLightboard::setChannel(32,191)
DmxLightboard::setChannel(32,191)
DmxLightboard::setChannel(31,0)
DmxLightboard::setChannel(32,0)
DmxLightboard::setChannel(32,0)
DmxLightboard::setChannel(86,191)
DmxLightboard::setChannel(87,191)
DmxLightboard::setChannel(87,191)
DmxLightboard::setChannel(86,0)
DmxLightboard::setChannel(87,0)
DmxLightboard::setChannel(87,0)
DmxLightboard::setChannel(126,191)
DmxLightboard::setChannel(127,191)
DmxLightboard::setChannel(127,191)
DmxLightboard::setChannel(126,0)
DmxLightboard::setChannel(127,0)
DmxLightboard::setChannel(127,0)
DmxLightboard::setChannel(111,191)
DmxLightboard::setChannel(112,191)
DmxLightboard::setChannel(112,191)
DmxLightboard::setChannel(111,0)
DmxLightboard::setChannel(112,0)
DmxLightboard::setChannel(112,0)
DmxLightboard::setChannel(221,191)
DmxLightboard::setChannel(222,191)
DmxLightboard::setChannel(222,191)
DmxLightboard::setChannel(221,0)
DmxLightboard::setChannel(222,0)
DmxLightboard::setChannel(222,0)
DmxLightboard::setChannel(16,191)
DmxLightboard::setChannel(17,191)
DmxLightboard::setChannel(17,191)
DmxLightboard::setChannel(16,0)
DmxLightboard::setChannel(17,0)
DmxLightboard::setChannel(17,0)
DmxLightboard::setChannel(31,191)
DmxLightboard::setChannel(32,191)
DmxLightboard::setChannel(32,191)
DmxLightboard::setChannel(31,0)
DmxLightboard::setChannel(32,0)
DmxLightboard::setChannel(32,0)
DmxLightboard::setChannel(71,191)
DmxLightboard::setChannel(72,191)
DmxLightboard::setChannel(72,191)
DmxLightboard::setChannel(71,0)
DmxLightboard::setChannel(72,0)
DmxLightboard::setChannel(72,0)
DmxLightboard::setChannel(226,191)
DmxLightboard::setChannel(227,191)
DmxLightboard::setChannel(227,191)
DmxLightboard::setChannel(226,0)
DmxLightboard::setChannel(227,0)
DmxLightboard::setChannel(227,0)
DmxLightboard::setChannel(221,191)
DmxLightboard::setChannel(222,191)
DmxLightboard::setChannel(222,191)
DmxLightboard::setChannel(221,0)
DmxLightboard::setChannel(222,0)
DmxLightboard::setChannel(222,0)
DmxLightboard::setChannel(136,191)
DmxLightboard::setChannel(137,191)
DmxLightboard::setChannel(137,191)
DmxLightboard::setChannel(136,0)
DmxLightboard::setChannel(137,0)
DmxLightboard::setChannel(137,0)
DmxLightboard::setChannel(11,191)
DmxLightboard::setChannel(12,191)
DmxLightboard::setChannel(12,191)
DmxLightboard::setChannel(11,0)
DmxLightboard::setChannel(12,0)
DmxLightboard::setChannel(12,0)
DmxLightboard::setChannel(126,191)
DmxLightboard::setChannel(127,191)
DmxLightboard::setChannel(127,191)
DmxLightboard::setChannel(126,0)
DmxLightboard::setChannel(127,0)
DmxLightboard::setChannel(127,0)
DmxLightboard::setChannel(86,191)
DmxLightboard::setChannel(87,191)
DmxLightboard::setChannel(87,191)
DmxLightboard::setChannel(86,0)
DmxLightboard::setChannel(87,0)
DmxLightboard::setChannel(87,0)
DmxLightboard::setChannel(16,191)
DmxLightboard::setChannel(17,191)
DmxLightboard::setChannel(17,191)
DmxLightboard::setChannel(16,0)
DmxLightboard::setChannel(17,0)
DmxLightboard::setChannel(17,0)
DmxLightboard::setChannel(226,191)
DmxLightboard::setChannel(227,191)
DmxLightboard::setChannel(227,191)
DmxLightboard::setChannel(226,0)
DmxLightboard::setChannel(227,0)
DmxLightboard::setChannel(227,0)
DmxLightboard::setChannel(31,191)
DmxLightboard::setChannel(32,191)
DmxLightboard::setChannel(32,191)
DmxLightboard::setChannel(31,0)
DmxLightboard::setChannel(32,0)
DmxLightboard::setChannel(32,0)
DmxLightboard::setChannel(86,191)
DmxLightboard::setChannel(87,191)
DmxLightboard::setChannel(87,191)
DmxLightboard::setChannel(86,0)
DmxLightboard::setChannel(87,0)
DmxLightboard::setChannel(87,0)
DmxLightboard::setChannel(221,191)
DmxLightboard::setChannel(222,191)
DmxLightboard::setChannel(222,191)
DmxLightboard::setChannel(221,0)
DmxLightboard::setChannel(222,0)
DmxLightboard::setChannel(222,0)
DmxLightboard::setChannel(126,191)
DmxLightboard::setChannel(127,191)
DmxLightboard::setChannel(127,191)
DmxLightboard::setChannel(126,0)
DmxLightboard::setChannel(127,0)
DmxLightboard::setChannel(127,0)
DmxLightboard::setChannel(16,191)
DmxLightboard::setChannel(17,191)
DmxLightboard::setChannel(17,191)
DmxLightboard::setChannel(16,0)
DmxLightboard::setChannel(17,0)
DmxLightboard::setChannel(17,0)
DmxLightboard::setChannel(86,191)
DmxLightboard::setChannel(87,191)
DmxLightboard::setChannel(87,191)
DmxLightboard::setChannel(86,0)
DmxLightboard::setChannel(87,0)
DmxLightboard::setChannel(87,0)
DmxLightboard::setChannel(226,191)
DmxLightboard::setChannel(227,191)
DmxLightboard::setChannel(227,191)
DmxLightboard::setChannel(226,0)
DmxLightboard::setChannel(227,0)
DmxLightboard::setChannel(227,0)
DmxLightboard::setChannel(16,191)
DmxLightboard::setChannel(17,191)
DmxLightboard::setChannel(17,191)
DmxLightboard::setChannel(16,0)
DmxLightboard::setChannel(17,0)
DmxLightboard::setChannel(17,0)
DmxLightboard::setChannel(226,191)
DmxLightboard::setChannel(227,191)
DmxLightboard::setChannel(227,191)
DmxLightboard::setChannel(226,0)
DmxLightboard::setChannel(227,0)
DmxLightboard::setChannel(227,0)
DmxLightboard::setChannel(86,191)
DmxLightboard::setChannel(87,191)
DmxLightboard::setChannel(87,191)
DmxLightboard::setChannel(86,0)
DmxLightboard::setChannel(87,0)
DmxLightboard::setChannel(87,0)
DmxLightboard::setChannel(16,191)
DmxLightboard::setChannel(17,191)
DmxLightboard::setChannel(17,191)
DmxLightboard::setChannel(16,0)
DmxLightboard::setChannel(17,0)
DmxLightboard::setChannel(17,0)
DmxLightboard::setChannel(86,191)
DmxLightboard::setChannel(87,191)
DmxLightboard::setChannel(87,191)
DmxLightboard::setChannel(86,0)
DmxLightboard::setChannel(87,0)
DmxLightboard::setChannel(87,0)
DmxLightboard::setChannel(226,191)
DmxLightboard::setChannel(227,191)
DmxLightboard::setChannel(227,191)
DmxLightboard::setChannel(226,0)
DmxLightboard::setChannel(227,0)
DmxLightboard::setChannel(227,0)
DmxLightboard::setChannel(16,191)
DmxLightboard::setChannel(17,191)
DmxLightboard::setChannel(17,191)
DmxLightboard::setChannel(16,0)
DmxLightboard::setChannel(17,0)
DmxLightboard::setChannel(17,0)
DmxLightboard::setChannel(86,191)
DmxLightboard::setChannel(87,191)
DmxLightboard::setChannel(87,191)
DmxLightboard::setChannel(86,0)
DmxLightboard::setChannel(87,0)
DmxLightboard::setChannel(87,0)
DmxLightboard::setChannel(226,191)
DmxLightboard::setChannel(227,191)
DmxLightboard::setChannel(227,191)
DmxLightboard::setChannel(226,0)
DmxLightboard::setChannel(227,0)
DmxLightboard::setChannel(227,0)
DmxLightboard::setChannel(16,191)
DmxLightboard::setChannel(17,191)
DmxLightboard::setChannel(17,191)
DmxLightboard::setChannel(16,0)
DmxLightboard::setChannel(17,0)
DmxLightboard::setChannel(17,0)
DmxLightboard::setChannel(226,191)
DmxLightboard::setChannel(227,191)
DmxLightboard::setChannel(227,191)
DmxLightboard::setChannel(226,0)
DmxLightboard::setChannel(227,0)
DmxLightboard::setChannel(227,0)
DmxLightboard::setChannel(86,191)
DmxLightboard::setChannel(87,191)
DmxLightboard::setChannel(87,191)
DmxLightboard::setChannel(86,0)
DmxLightboard::setChannel(87,0)
DmxLightboard::setChannel(87,0)
DmxLightboard::setChannel(16,191)
DmxLightboard::setChannel(17,191)
DmxLightboard::setChannel(17,191)
DmxLightboard::setChannel(16,0)
DmxLightboard::setChannel(17,0)
DmxLightboard::setChannel(17,0)
DmxLightboard::setChannel(226,191)
DmxLightboard::setChannel(227,191)
DmxLightboard::setChannel(227,191)
DmxLightboard::setChannel(226,0)
DmxLightboard::setChannel(227,0)
DmxLightboard::setChannel(227,0)
DmxLightboard::setChannel(86,191)
DmxLightboard::setChannel(87,191)
DmxLightboard::setChannel(87,191)
DmxLightboard::setChannel(86,0)
DmxLightboard::setChannel(87,0)
DmxLightboard::setChannel(87,0)
DmxLightboard::setChannel(16,191)
DmxLightboard::setChannel(17,191)
DmxLightboard::setChannel(17,191)
DmxLightboard::setChannel(16,0)
DmxLightboard::setChannel(17,0)
DmxLightboard::setChannel(17,0)
DmxLightboard::setChannel(226,191)
DmxLightboard::setChannel(227,191)
DmxLightboard::setChannel(227,191)
DmxLightboard::setChannel(226,0)
DmxLightboard::setChannel(227,0)
DmxLightboard::setChannel(227,0)
DmxLightboard::setChannel(86,191)
DmxLightboard::setChannel(87,191)
DmxLightboard::setChannel(87,191)
DmxLightboard::setChannel(86,0)
DmxLightboard::setChannel(87,0)
DmxLightboard::setChannel(87,0)
DmxLightboard::setChannel(16,191)
DmxLightboard::setChannel(17,191)
DmxLightboard::setChannel(17,191)
DmxLightboard::setChannel(16,0)
DmxLightboard::setChannel(17,0)
DmxLightboard::setChannel(17,0)
DmxLightboard::setChannel(226,191)
DmxLightboard::setChannel(227,191)
DmxLightboard::setChannel(227,191)
DmxLightboard::setChannel(226,0)
DmxLightboard::setChannel(227,0)
DmxLightboard::setChannel(227,0)
DmxLightboard::setChannel(86,191)
DmxLightboard::setChannel(87,191)
DmxLightboard::setChannel(87,191)
DmxLightboard::setChannel(86,0)
DmxLightboard::setChannel(87,0)
DmxLightboard::setChannel(87,0)
DmxLightboard::setChannel(16,191)
DmxLightboard::setChannel(17,191)
DmxLightboard::setChannel(17,191)
DmxLightboard::setChannel(16,0)
DmxLightboard::setChannel(17,0)
DmxLightboard::setChannel(17,0)
DmxLightboard::setChannel(86,191)
DmxLightboard::setChannel(87,191)
DmxLightboard::setChannel(87,191)
DmxLightboard::setChannel(86,0)
DmxLightboard::setChannel(87,0)
DmxLightboard::setChannel(87,0)
DmxLightboard::setChannel(16,191)
DmxLightboard::setChannel(17,191)
DmxLightboard::setChannel(17,191)
DmxLightboard::setChannel(16,0)
DmxLightboard::setChannel(17,0)
DmxLightboard::setChannel(17,0)
DmxLightboard::setChannel(86,191)
DmxLightboard::setChannel(87,191)
DmxLightboard::setChannel(87,191)
DmxLightboard::setChannel(86,0)
DmxLightboard::setChannel(87,0)
DmxLightboard::setChannel(87,0)
DmxLightboard::setChannel(16,191)
DmxLightboard::setChannel(17,191)
DmxLightboard::setChannel(17,191)
DmxLightboard::setChannel(16,0)
DmxLightboard::setChannel(17,0)
DmxLightboard::setChannel(17,0)
DmxLightboard::setChannel(86,191)
DmxLightboard::setChannel(87,191)
DmxLightboard::setChannel(87,191)
DmxLightboard::setChannel(86,0)
DmxLightboard::setChannel(87,0)
DmxLightboard::setChannel(87,0)
DmxLightboard::setChannel(16,191)
DmxLightboard::setChannel(17,191)
DmxLightboard::setChannel(17,191)
DmxLightboard::setChannel(16,0)
DmxLightboard::setChannel(17,0)
DmxLightboard::setChannel(17,0)
DmxLightboard::setChannel(16,191)
DmxLightboard::setChannel(17,191)
DmxLightboard::setChannel(17,191)
DmxLightboard::setChannel(16,0)
DmxLightboard::setChannel(17,0)
DmxLightboard::setChannel(17,0)
DmxLightboard::setChannel(61,0)
DmxLightboard::setChannel(62,0)
DmxLightboard::setChannel(63,0)
DmxLightboard::setChannel(64,0)
DmxLightboard::setChannel(65,0)
DmxLightboard::setChannel(61,255)
DmxLightboard::setChannel(62,255)
DmxLightboard::setChannel(63,255)
DmxLightboard::setChannel(64,255)
DmxLightboard::setChannel(65,255)
VideoArchive::next
DmxLightboard::setChannel(4,0)
DmxLightboard::setChannel(5,0)
DmxLightboard::setChannel(6,0)
DmxLightboard::setChannel(7,0)
DmxLightboard::setChannel(8,0)
DmxLightboard::setChannel(4,255)
DmxLightboard::setChannel(5,255)
DmxLightboard::setChannel(6,255)
DmxLightboard::setChannel(7,255)
DmxLightboard::setChannel(8,255)
DmxLightboard::blackout
MockSet::get_track(bootup)
MockSet::get_track(bootup)::volume=0.88
MockSet::get_track(bootup)
MockSet::get_track(bootup)::play_clip
flickering 12.0
setDrawState(DrawState.LIVE)
VideoHeader::setDelaySeconds(12.0)
VideoHeader::start
VideoBuffer::get_max_fps
VideoHeader::getHead
MockSet::get_track(bootup)
MockSet::get_track(bootup)::volume=0.66
MockSet::get_track(bootup)
MockSet::get_track(bootup)::play_clip
flickering 12.0
setDrawState(DrawState.LIVE)
VideoHeader::setDelaySeconds(12.0)
VideoHeader::start
VideoBuffer::get_max_fps
VideoHeader::getHead
MockSet::get_track(bootup)
MockSet::get_track(bootup)::volume=0.495
MockSet::get_track(bootup)
MockSet::get_track(bootup)::play_clip
flickering 12.0
setDrawState(DrawState.LIVE)
VideoHeader::setDelaySeconds(12.0)
VideoHeader::start
VideoBuffer::get_max_fps
VideoHeader::getHead
MockSet::get_track(bootup)
MockSet::get_track(bootup)::volume=0.37124999999999997
MockSet::get_track(bootup)
MockSet::get_track(bootup)::play_clip
flickering 12.0
setDrawState(DrawState.LIVE)
VideoHeader::setDelaySeconds(12.0)
VideoHeader::start
VideoBuffer::get_max_fps
VideoHeader::getHead
MockSet::get_track(bootup)
MockSet::get_track(bootup)::volume=0.2784375
MockSet::get_track(bootup)
MockSet::get_track(bootup)::play_clip
flickering 12.0
setDrawState(DrawState.LIVE)
VideoHeader::setDelaySeconds(12.0)
VideoHeader::start
VideoBuffer::get_max_fps
VideoHeader::getHead
setDrawState(DrawState.RECORDING)
MockSet::get_track(Modular UI)
MockSet::get_track(Modular UI)::play_clip
MockSet::get_track(sin)
MockSet::get_track(sin)::play_clip
MockSet::get_track(muffle)
MockSet::get_track(muffle)::play_clip
MockSet::get_track(moody piano)
MockSet::get_track(moody piano)::play_clip
MockSet::get_track(guitar)
MockSet::get_track(guitar)::play_clip
MockSet::get_track(dreams tonite)
MockSet::get_track(dreams tonite)::play_clip
DmxLightboard::setChannel(4,191)
DmxLightboard::setChannel(5,191)
DmxLightboard::setChannel(6,191)
DmxLightboard::setChannel(7,191)
DmxLightboard::setChannel(8,191)
DmxLightboard::setChannel(4,255)
DmxLightboard::setChannel(5,255)
DmxLightboard::setChannel(6,255)
DmxLightboard::setChannel(7,255)
DmxLightboard::setChannel(8,255)
DmxLightboard::setChannel(4,191)
DmxLightboard::setChannel(5,191)
DmxLightboard::setChannel(6,191)
DmxLightboard::setChannel(7,191)
DmxLightboard::setChannel(8,191)
DmxLightboard::setChannel(4,255)
DmxLightboard::setChannel(5,255)
DmxLightboard::setChannel(6,255)
DmxLightboard::setChannel(7,255)
DmxLightboard::setChannel(8,255)
MockSet::get_track(Master)
MockSet::get_track(Master)::get_device(Auto Filter)
MockSet::get_track(Master)::get_device(Auto Filter)::get_parameter_by_name(Frequency)
MockSet::get_track(Master)::get_device(Auto Filter)::get_parameter_by_name(Frequency)::value=135
MockSet::get_track(Master)
MockSet::get_track(Master)::get_device(Auto Filter)
MockSet::get_track(Master)::get_device(Auto Filter)::get_parameter_by_name(Frequency)
MockSet::get_track(Master)::get_device(Auto Filter)::get_parameter_by_name(Frequency)::value=67.5
DmxLightboard::setChannel(4,255)
DmxLightboard::setChannel(5,255)
DmxLightboard::setChannel(6,255)
DmxLightboard::setChannel(7,255)
DmxLightboard::setChannel(8,255)
DmxLightboard::setChannel(4,0)
DmxLightboard::setChannel(5,0)
DmxLightboard::setChannel(6,0)
DmxLightboard::setChannel(7,0)
DmxLightboard::setChannel(8,0)
DmxLightboard::setChannel(61,255)
DmxLightboard::setChannel(62,255)
DmxLightboard::setChannel(63,255)
DmxLightboard::setChannel(64,255)
DmxLightboard::setChannel(65,255)
DmxLightboard::setChannel(61,0)
DmxLightboard::setChannel(62,0)
DmxLightboard::setChannel(63,0)
DmxLightboard::setChannel(64,0)
DmxLightboard::setChannel(65,0)
flickering 4
setDrawState(DrawState.LIVE)
VideoHeader::setDelaySeconds(4)
VideoHeader::start
VideoBuffer::get_max_fps
VideoHeader::getHead
DmxLightboard::setChannel(4,191)
DmxLightboard::setChannel(5,191)
DmxLightboard::setChannel(6,191)
DmxLightboard::setChannel(7,191)
DmxLightboard::setChannel(8,191)
DmxLightboard::setChannel(4,0)
DmxLightboard::setChannel(5,0)
DmxLightboard::setChannel(6,0)
DmxLightboard::setChannel(7,0)
DmxLightboard::setChannel(8,0)
DmxLightboard::setChannel(61,191)
DmxLightboard::setChannel(62,191)
DmxLightboard::setChannel(63,191)
DmxLightboard::setChannel(64,191)
DmxLightboard::setChannel(65,191)
DmxLightboard::setChannel(61,0)
DmxLightboard::setChannel(62,0)
DmxLightboard::setChannel(63,0)
DmxLightboard::setChannel(64,0)
DmxLightboard::setChannel(65,0)
DmxLightboard::setChannel(61,0)
DmxLightboard::setChannel(62,0)
DmxLightboard::setChannel(63,0)
DmxLightboard::setChannel(64,0)
DmxLightboard::setChannel(65,0)
DmxLightboard::setChannel(61,255)
DmxLightboard::setChannel(62,255)
DmxLightboard::setChannel(63,255)
DmxLightboard::setChannel(64,255)
DmxLightboard::setChannel(65,255)
MockSet::get_track(Master)
MockSet::get_track(Master)::get_device(Auto Filter)
MockSet::get_track(Master)::get_device(Auto Filter)::get_parameter_by_name(Frequency)
MockSet::get_track(Master)::get_device(Auto Filter)::get_parameter_by_name(Frequency)::value=67.5
MockSet::get_track(Master)
MockSet::get_track(Master)::get_device(Auto Filter)
MockSet::get_track(Master)::get_device(Auto Filter)::get_parameter_by_name(Frequency)
MockSet::get_track(Master)::get_device(Auto Filter)::get_parameter_by_name(Frequency)::value=135
DmxLightboard::setChannel(4,0)
DmxLightboard::setChannel(5,0)
DmxLightboard::setChannel(6,0)
DmxLightboard::setChannel(7,0)
DmxLightboard::setChannel(8,0)
DmxLightboard::setChannel(4,255)
DmxLightboard::setChannel(5,255)
DmxLightboard::setChannel(6,255)
DmxLightboard::setChannel(7,255)
DmxLightboard::setChannel(8,255)
DmxLightboard::setChannel(4,191)
DmxLightboard::setChannel(5,191)
DmxLightboard::setChannel(6,191)
DmxLightboard::setChannel(7,191)
DmxLightboard::setChannel(8,191)
DmxLightboard::setChannel(4,255)
DmxLightboard::setChannel(5,255)
DmxLightboard::setChannel(6,255)
DmxLightboard::setChannel(7,255)
DmxLightboard::setChannel(8,255)
DmxLightboard::setChannel(4,191)
DmxLightboard::setChannel(5,191)
DmxLightboard::setChannel(6,191)
DmxLightboard::setChannel(7,191)
DmxLightboard::setChannel(8,191)
DmxLightboard::setChannel(4,255)
DmxLightboard::setChannel(5,255)
DmxLightboard::setChannel(6,255)
DmxLightboard::setChannel(7,255)
DmxLightboard::setChannel(8,255)
MockLink::bpm_=40
FrameTimer::start(1500.0)
MockSet::get_track(sin)
MockSet::get_track(sin)::volume=0.44
MockSet::get_track(guitar)
MockSet::get_track(guitar)::volume=0.44
MockSet::get_track(hihats L)
MockSet::get_track(hihats L)::play_clip
MockSet::get_track(hihats R)
MockSet::get_track(hihats R)::play_clip
MockSet::get_track(test)
MockSet::get_track(test)::volume=0.44
MockSet::get_track(test)::play_clip
MockSet::get_track(test)::volume=0.44
MockSet::get_track(test)::volume=0.88
MockSet::get_track(808)
MockSet::get_track(808)::play_clip
MockLink::bpm_=40
FrameTimer::start(1500.0)
MockLink::bpm_=80
FrameTimer::start(750.0)
MockLink::bpm_=120
FrameTimer::start(500.0)
MockLink::bpm_=240
FrameTimer::start(250.0)
MockLink::bpm_=240
FrameTimer::start(250.0)
MockLink::bpm_=240
FrameTimer::start(250.0)
MockSet::get_track(windows)
MockSet::get_track(windows)::play_clip
MockSet::get_track(windows)
MockSet::get_track(windows)::play_clip
MockLink::bpm_=40
FrameTimer::start(1500.0)
MockSet::get_track(Master)
MockSet::get_track(Master)::get_device(Auto Filter)
MockSet::get_track(Master)::get_device(Auto Filter)::get_parameter_by_name(Frequency)
MockSet::get_track(Master)::get_device(Auto Filter)::get_parameter_by_name(Frequency)::value=20
setDrawState(DrawState.NOTHING)
MockSet::get_track(Master)
MockSet::get_track(Master)::get_device(Auto Filter)
MockSet::get_track(Master)::get_device(Auto Filter)::get_parameter_by_name(Frequency)
MockSet::get_track(Master)::get_device(Auto Filter)::get_parameter_by_name(Frequency)::value=135
setDrawState(DrawState.RECORDING)
MockSet::get_track(restart from crash)
MockSet::get_track(restart from crash)::play_clip
setDrawState(DrawState.RECORDING)
setDrawState(DrawState.RECORDING)
DmxLightboard::setChannel(4,191)
DmxLightboard::setChannel(5,191)
DmxLightboard::setChannel(6,191)
DmxLightboard::setChannel(7,191)
DmxLightboard::setChannel(8,191)
DmxLightboard::setChannel(4,255)
DmxLightboard::setChannel(5,255)
DmxLightboard::setChannel(6,255)
DmxLightboard::setChannel(7,255)
DmxLightboard::setChannel(8,255)
DmxLightboard::setChannel(4,191)
DmxLightboard::setChannel(5,191)
DmxLightboard::setChannel(6,191)
DmxLightboard::setChannel(7,191)
DmxLightboard::setChannel(8,191)
DmxLightboard::setChannel(4,255)
DmxLightboard::setChannel(5,255)
DmxLightboard::setChannel(6,255)
DmxLightboard::setChannel(7,255)
DmxLightboard::setChannel(8,255)
DmxLightboard::setChannel(4,191)
DmxLightboard::setChannel(5,191)
DmxLightboard::setChannel(6,191)
DmxLightboard::setChannel(7,191)
DmxLightboard::setChannel(8,191)
DmxLightboard::setChannel(4,255)
DmxLightboard::setChannel(5,255)
DmxLightboard::setChannel(6,255)
DmxLightboard::setChannel(7,255)
DmxLightboard::setChannel(8,255)
DmxLightboard::setChannel(4,191)
DmxLightboard::setChannel(5,191)
DmxLightboard::setChannel(6,191)
DmxLightboard::setChannel(7,191)
DmxLightboard::setChannel(8,191)
DmxLightboard::setChannel(4,255)
DmxLightboard::setChannel(5,255)
DmxLightboard::setChannel(6,255)
DmxLightboard::setChannel(7,255)
DmxLightboard::setChannel(8,255)
setDrawState(DrawState.RECORDING)
MockSet::get_track(sin)
MockSet::get_track(sin)::volume=0.44
MockSet::get_track(guitar)
MockSet::get_track(guitar)::volume=0.44
MockLink::bpm_=20
MockSet::get_track(Spacefolder Bounced)
MockSet::get_track(Spacefolder Bounced)::volume=0.44
MockSet::get_track(Spacefolder Bounced)::play_clip
MockSet::get_track(Spacefolder Bounced)::volume=0.44
MockSet::get_track(Spacefolder Bounced)::volume=0.88
MockSet::get_track(Wavetable Bounced)
MockSet::get_track(Wavetable Bounced)::volume=0.7040000000000001
MockSet::get_track(Wavetable Bounced)
MockSet::get_track(Wavetable Bounced)::play_clip
MockSet::get_track(Office Space Printer)
MockSet::get_track(Office Space Printer)::play_clip
MockSet::get_track(dreams tonite)
MockSet::get_track(dreams tonite)::play_clip
MockSet::get_track(slack)
MockSet::get_track(slack)::get_clip(1)
MockSet::get_track(slack)::get_clip(1)::play
MockSet::get_track(Master)
MockSet::get_track(Master)::get_device(Auto Filter)
MockSet::get_track(Master)::get_device(Auto Filter)::get_parameter_by_name(Frequency)
MockSet::get_track(Master)::get_device(Auto Filter)::get_parameter_by_name(Frequency)::value=135
MockSet::get_track(Master)
MockSet::get_track(Master)::get_device(Auto Filter)
MockSet::get_track(Master)::get_device(Auto Filter)::get_parameter_by_name(Frequency)
MockSet::get_track(Master)::get_device(Auto Filter)::get_parameter_by_name(Frequency)::value=67.5
DmxLightboard::setChannel(4,255)
DmxLightboard::setChannel(5,255)
DmxLightboard::setChannel(6,255)
DmxLightboard::setChannel(7,255)
DmxLightboard::setChannel(8,255)
DmxLightboard::setChannel(4,0)
DmxLightboard::setChannel(5,0)
DmxLightboard::setChannel(6,0)
DmxLightboard::setChannel(7,0)
DmxLightboard::setChannel(8,0)
DmxLightboard::setChannel(61,255)
DmxLightboard::setChannel(62,255)
DmxLightboard::setChannel(63,255)
DmxLightboard::setChannel(64,255)
DmxLightboard::setChannel(65,255)
DmxLightboard::setChannel(61,0)
DmxLightboard::setChannel(62,0)
DmxLightboard::setChannel(63,0)
DmxLightboard::setChannel(64,0)
DmxLightboard::setChannel(65,0)
flickering 4
setDrawState(DrawState.LIVE)
VideoHeader::setDelaySeconds(4)
VideoHeader::start
VideoBuffer::get_max_fps
VideoHeader::getHead
DmxLightboard::setChannel(4,191)
DmxLightboard::setChannel(5,191)
DmxLightboard::setChannel(6,191)
DmxLightboard::setChannel(7,191)
DmxLightboard::setChannel(8,191)
DmxLightboard::setChannel(4,0)
DmxLightboard::setChannel(5,0)
DmxLightboard::setChannel(6,0)
DmxLightboard::setChannel(7,0)
DmxLightboard::setChannel(8,0)
DmxLightboard::setChannel(61,191)
DmxLightboard::setChannel(62,191)
DmxLightboard::setChannel(63,191)
DmxLightboard::setChannel(64,191)
DmxLightboard::setChannel(65,191)
DmxLightboard::setChannel(61,0)
DmxLightboard::setChannel(62,0)
DmxLightboard::setChannel(63,0)
DmxLightboard::setChannel(64,0)
DmxLightboard::setChannel(65,0)
MockSet::get_track(Master)
MockSet::get_track(Master)::get_device(Auto Filter)
MockSet::get_track(Master)::get_device(Auto Filter)::get_parameter_by_name(Frequency)
MockSet::get_track(Master)::get_device(Auto Filter)::get_parameter_by_name(Frequency)::value=67.5
MockSet::get_track(Master)
MockSet::get_track(Master)::get_device(Auto Filter)
MockSet::get_track(Master)::get_device(Auto Filter)::get_parameter_by_name(Frequency)
MockSet::get_track(Master)::get_device(Auto Filter)::get_parameter_by_name(Frequency)::value=135
DmxLightboard::setChannel(4,0)
DmxLightboard::setChannel(5,0)
DmxLightboard::setChannel(6,0)
DmxLightboard::setChannel(7,0)
DmxLightboard::setChannel(8,0)
DmxLightboard::setChannel(4,255)
DmxLightboard::setChannel(5,255)
DmxLightboard::setChannel(6,255)
DmxLightboard::setChannel(7,255)
DmxLightboard::setChannel(8,255)
DmxLightboard::setChannel(61,0)
DmxLightboard::setChannel(62,0)
DmxLightboard::setChannel(63,0)
DmxLightboard::setChannel(64,0)
DmxLightboard::setChannel(65,0)
DmxLightboard::setChannel(61,255)
DmxLightboard::setChannel(62,255)
DmxLightboard::setChannel(63,255)
DmxLightboard::setChannel(64,255)
DmxLightboard::setChannel(65,255)
MockSet::get_track(slack)
MockSet::get_track(slack)::play_clip
MockSet::get_track(Wavetable Bounced)
MockSet::get_track(Wavetable Bounced)::play_clip
flickering 4
setDrawState(DrawState.LIVE)
VideoHeader::setDelaySeconds(4)
VideoHeader::start
VideoBuffer::get_max_fps
VideoHeader::getHead
MockSet::get_track(slack)
MockSet::get_track(slack)::play_clip
DmxLightboard::setChannel(4,191)
DmxLightboard::setChannel(5,191)
DmxLightboard::setChannel(6,191)
DmxLightboard::setChannel(7,191)
DmxLightboard::setChannel(8,191)
DmxLightboard::setChannel(4,255)
DmxLightboard::setChannel(5,255)
DmxLightboard::setChannel(6,255)
DmxLightboard::setChannel(7,255)
DmxLightboard::setChannel(8,255)
DmxLightboard::setChannel(4,191)
DmxLightboard::setChannel(5,191)
DmxLightboard::setChannel(6,191)
DmxLightboard::setChannel(7,191)
DmxLightboard::setChannel(8,191)
DmxLightboard::setChannel(4,255)
DmxLightboard::setChannel(5,255)
DmxLightboard::setChannel(6,255)
DmxLightboard::setChannel(7,255)
DmxLightboard::setChannel(8,255)
MockSet::get_track(grand piano)
MockSet::get_track(grand piano)::play_clip
DmxLightboard::setChannel(4,191)
DmxLightboard::setChannel(5,191)
DmxLightboard::setChannel(6,191)
DmxLightboard::setChannel(7,191)
DmxLightboard::setChannel(8,191)
DmxLightboard::setChannel(4,255)
DmxLightboard::setChannel(5,255)
DmxLightboard::setChannel(6,255)
DmxLightboard::setChannel(7,255)
DmxLightboard::setChannel(8,255)
DmxLightboard::setChannel(4,191)
DmxLightboard::setChannel(5,191)
DmxLightboard::setChannel(6,191)
DmxLightboard::setChannel(7,191)
DmxLightboard::setChannel(8,191)
DmxLightboard::setChannel(4,255)
DmxLightboard::setChannel(5,255)
DmxLightboard::setChannel(6,255)
DmxLightboard::setChannel(7,255)
DmxLightboard::setChannel(8,255)
MockSet::get_group(=Office Space Printer)
MockSet::get_group(=Office Space Printer)::volume=0.88
MockSet::get_group(=Office Space Printer)::volume=0.396
MockSet::get_group(=Copywold)
MockSet::get_group(=Copywold)::volume=0.88
MockSet::get_group(=Copywold)::volume=0.396
MockSet::get_group(=Ambient Foley)
MockSet::get_group(=Ambient Foley)::volume=0.88
MockSet::get_group(=Ambient Foley)::volume=0.396
MockSet::get_group(=Beats)
MockSet::get_group(=Beats)::volume=0.88
MockSet::get_group(=Beats)::volume=0.396
MockSet::get_group(=Office Space Printer)
MockSet::get_group(=Copywold)
MockSet::get_group(=Ambient Foley)
MockSet::get_group(=Beats)
MockSet::get_group(=Office Space Printer)::volume=0.396
MockSet::get_group(=Office Space Printer)::volume=0
MockSet::get_group(=Copywold)::volume=0.396
MockSet::get_group(=Copywold)::volume=0
MockSet::get_group(=Ambient Foley)::volume=0.396
MockSet::get_group(=Ambient Foley)::volume=0
MockSet::get_group(=Beats)::volume=0.396
MockSet::get_group(=Beats)::volume=0
DmxLightboard::setChannel(4,255)
DmxLightboard::setChannel(5,255)
DmxLightboard::setChannel(6,255)
DmxLightboard::setChannel(7,255)
DmxLightboard::setChannel(8,255)
DmxLightboard::setChannel(4,0)
DmxLightboard::setChannel(5,0)
DmxLightboard::setChannel(6,0)
DmxLightboard::setChannel(7,0)
DmxLightboard::setChannel(8,0)
DmxLightboard::setChannel(61,255)
DmxLightboard::setChannel(62,255)
DmxLightboard::setChannel(63,255)
DmxLightboard::setChannel(64,255)
DmxLightboard::setChannel(65,255)
DmxLightboard::setChannel(61,0)
DmxLightboard::setChannel(62,0)
DmxLightboard::setChannel(63,0)
DmxLightboard::setChannel(64,0)
DmxLightboard::setChannel(65,0)
MockSet::get_track(Master)
MockSet::get_track(Master)::get_device(Auto Filter)
MockSet::get_track(Master)::get_device(Auto Filter)::get_parameter_by_name(Frequency)
MockSet::get_track(Master)::get_device(Auto Filter)::get_parameter_by_name(Frequency)::value=20
setDrawState(DrawState.NOTHING)
MockSet::get_track(Master)
MockSet::get_track(Master)::get_device(Auto Filter)
MockSet::get_track(Master)::get_device(Auto Filter)::get_parameter_by_name(Frequency)
MockSet::get_track(Master)::get_device(Auto Filter)::get_parameter_by_name(Frequency)::value=135
MockSet::get_track(Master)
MockSet::get_track(Master)::get_device(Auto Filter)
MockSet::get_track(Master)::get_device(Auto Filter)::get_parameter_by_name(Frequency)
MockSet::get_track(Master)::get_device(Auto Filter)::get_parameter_by_name(Frequency)::value=20
performance complete!
VideoArchive::stop
MockSet::stop
MockLink::stop
MockTimeline::stop
MockSet::stop
